// Jest Snapshot v1, https://goo.gl/fbAQLP

exports[`[component]: error-state should match snapshot 1`] = `
<DocumentFragment>
  <div
    class="bg-red-300 h-32 p-2 flex items-center justify-center rounded-[4px]"
  >
    Oops...something went wrong
  </div>
</DocumentFragment>
`;
